// Jest Snapshot v1, https://goo.gl/fbAQLP

exports[`Metrics Component matches snapshot 1`] = `
<div>
  <div
    class="grid grid-cols-2 my-10 border bg-white rounded-2xl shadow-inner px-12 py-10 "
  >
    <div
      class="justify-self-center"
    >
      <p
        class="mb-2"
      >
        Average time to finish tasks
      </p>
      <p
        class="text-xl font-bold italic text-neutral-600 text-center"
      >
        0:00
      </p>
    </div>
    <div
      class="justify-self-center"
    >
      <p
        class="text-center mb-2"
      >
        Average time to finish tasks by priority
      </p>
      <div
        class="flex flex-row gap-4 text-center justify-center"
      >
        <div>
          <p
            class="text-xl font-bold italic text-neutral-600"
          >
            0:00
          </p>
          <p
            class="font-medium"
          >
            Low
          </p>
        </div>
        <div>
          <p
            class="text-xl font-bold italic text-neutral-600"
          >
            0:00
          </p>
          <p
            class="font-medium"
          >
            Medium
          </p>
        </div>
        <div>
          <p
            class="text-xl font-bold italic text-neutral-600"
          >
            0:00
          </p>
          <p
            class="font-medium"
          >
            High
          </p>
        </div>
      </div>
    </div>
  </div>
</div>
`;
